  Determining projects to restore...
  All projects are up-to-date for restore.
  VideoGameCharacter.Domain -> D:\Development\My Projects\VideoGameCharacterApi-master\VideoGameCharacter.Domain\bin\Debug\net10.0\VideoGameCharacter.Domain.dll
  VideoGameCharacter.Infrastructure -> D:\Development\My Projects\VideoGameCharacterApi-master\VideoGameCharacter.Infrastructure\bin\Debug\net10.0\VideoGameCharacter.Infrastructure.dll
  VideoGameCharacter.Application -> D:\Development\My Projects\VideoGameCharacterApi-master\VideoGameCharacter.Application\bin\Debug\net10.0\VideoGameCharacter.Application.dll
D:\Development\My Projects\VideoGameCharacterApi-master\VideoGameCharacterApi\Migrations\20251112102132_Initial.Designer.cs(7,29): error CS0234: The type or namespace name 'Data' does not exist in the namespace 'VideoGameCharacterApi' (are you missing an assembly reference?) [D:\Development\My Projects\VideoGameCharacterApi-master\VideoGameCharacterApi\VideoGameCharacterApi.csproj]
D:\Development\My Projects\VideoGameCharacterApi-master\VideoGameCharacterApi\Migrations\AppDbContextModelSnapshot.cs(6,29): error CS0234: The type or namespace name 'Data' does not exist in the namespace 'VideoGameCharacterApi' (are you missing an assembly reference?) [D:\Development\My Projects\VideoGameCharacterApi-master\VideoGameCharacterApi\VideoGameCharacterApi.csproj]
D:\Development\My Projects\VideoGameCharacterApi-master\VideoGameCharacterApi\Migrations\20251112102132_Initial.Designer.cs(13,23): error CS0246: The type or namespace name 'AppDbContext' could not be found (are you missing a using directive or an assembly reference?) [D:\Development\My Projects\VideoGameCharacterApi-master\VideoGameCharacterApi\VideoGameCharacterApi.csproj]
D:\Development\My Projects\VideoGameCharacterApi-master\VideoGameCharacterApi\Migrations\AppDbContextModelSnapshot.cs(12,23): error CS0246: The type or namespace name 'AppDbContext' could not be found (are you missing a using directive or an assembly reference?) [D:\Development\My Projects\VideoGameCharacterApi-master\VideoGameCharacterApi\VideoGameCharacterApi.csproj]

Build FAILED.

D:\Development\My Projects\VideoGameCharacterApi-master\VideoGameCharacterApi\Migrations\20251112102132_Initial.Designer.cs(7,29): error CS0234: The type or namespace name 'Data' does not exist in the namespace 'VideoGameCharacterApi' (are you missing an assembly reference?) [D:\Development\My Projects\VideoGameCharacterApi-master\VideoGameCharacterApi\VideoGameCharacterApi.csproj]
D:\Development\My Projects\VideoGameCharacterApi-master\VideoGameCharacterApi\Migrations\AppDbContextModelSnapshot.cs(6,29): error CS0234: The type or namespace name 'Data' does not exist in the namespace 'VideoGameCharacterApi' (are you missing an assembly reference?) [D:\Development\My Projects\VideoGameCharacterApi-master\VideoGameCharacterApi\VideoGameCharacterApi.csproj]
D:\Development\My Projects\VideoGameCharacterApi-master\VideoGameCharacterApi\Migrations\20251112102132_Initial.Designer.cs(13,23): error CS0246: The type or namespace name 'AppDbContext' could not be found (are you missing a using directive or an assembly reference?) [D:\Development\My Projects\VideoGameCharacterApi-master\VideoGameCharacterApi\VideoGameCharacterApi.csproj]
D:\Development\My Projects\VideoGameCharacterApi-master\VideoGameCharacterApi\Migrations\AppDbContextModelSnapshot.cs(12,23): error CS0246: The type or namespace name 'AppDbContext' could not be found (are you missing a using directive or an assembly reference?) [D:\Development\My Projects\VideoGameCharacterApi-master\VideoGameCharacterApi\VideoGameCharacterApi.csproj]
    0 Warning(s)
    4 Error(s)

Time Elapsed 00:00:01.84
